2026-07-31T10:39:13+00:00 [exp494_exp413_cat_xgb_physics_bounded_stack] monitor started, competition: rogii-wellbore-geology-prediction
2026-07-31T10:39:16+00:00 [exp494_exp413_cat_xgb_physics_bounded_stack] run-time: 0 min, status: pending, publicScore: -, privateScore: -, submitted: 2026-07-31 10:38:28.727000, ref: 55134873
2026-07-31T10:40:02+00:00 [exp494_exp413_cat_xgb_physics_bounded_stack] run-time: 1 min, status: pending, publicScore: -, privateScore: -, submitted: 2026-07-31 10:38:28.727000, ref: 55134873
2026-07-31T10:40:49+00:00 [exp494_exp413_cat_xgb_physics_bounded_stack] run-time: 2 min, status: pending, publicScore: -, privateScore: -, submitted: 2026-07-31 10:38:28.727000, ref: 55134873
2026-07-31T10:41:44+00:00 [exp494_exp413_cat_xgb_physics_bounded_stack] kaggle CLI error: HTTPSConnectionPool(host='api.kaggle.com', port=443): Max retries exceeded with url: /v1/competitions.CompetitionApiService/ListSubmissions (Caused by NameResolutionError("HTTPSConnection(host='api.kaggle.com', port=443): Failed to resolve 'api.kaggle.com' ([Errno -3] Temporary failure in name resolution)"))
2026-07-31T10:42:40+00:00 [exp494_exp413_cat_xgb_physics_bounded_stack] kaggle CLI error: HTTPSConnectionPool(host='api.kaggle.com', port=443): Max retries exceeded with url: /v1/competitions.CompetitionApiService/ListSubmissions (Caused by NameResolutionError("HTTPSConnection(host='api.kaggle.com', port=443): Failed to resolve 'api.kaggle.com' ([Errno -3] Temporary failure in name resolution)"))
2026-07-31T10:43:35+00:00 [exp494_exp413_cat_xgb_physics_bounded_stack] kaggle CLI error: HTTPSConnectionPool(host='api.kaggle.com', port=443): Max retries exceeded with url: /v1/competitions.CompetitionApiService/ListSubmissions (Caused by NameResolutionError("HTTPSConnection(host='api.kaggle.com', port=443): Failed to resolve 'api.kaggle.com' ([Errno -3] Temporary failure in name resolution)"))
2026-07-31T10:44:31+00:00 [exp494_exp413_cat_xgb_physics_bounded_stack] kaggle CLI error: HTTPSConnectionPool(host='api.kaggle.com', port=443): Max retries exceeded with url: /v1/competitions.CompetitionApiService/ListSubmissions (Caused by NameResolutionError("HTTPSConnection(host='api.kaggle.com', port=443): Failed to resolve 'api.kaggle.com' ([Errno -3] Temporary failure in name resolution)"))
2026-07-31T10:45:26+00:00 [exp494_exp413_cat_xgb_physics_bounded_stack] kaggle CLI error: HTTPSConnectionPool(host='api.kaggle.com', port=443): Max retries exceeded with url: /v1/competitions.CompetitionApiService/ListSubmissions (Caused by NameResolutionError("HTTPSConnection(host='api.kaggle.com', port=443): Failed to resolve 'api.kaggle.com' ([Errno -3] Temporary failure in name resolution)"))
2026-07-31T10:46:21+00:00 [exp494_exp413_cat_xgb_physics_bounded_stack] kaggle CLI error: HTTPSConnectionPool(host='api.kaggle.com', port=443): Max retries exceeded with url: /v1/competitions.CompetitionApiService/ListSubmissions (Caused by NameResolutionError("HTTPSConnection(host='api.kaggle.com', port=443): Failed to resolve 'api.kaggle.com' ([Errno -3] Temporary failure in name resolution)"))
2026-07-31T10:47:17+00:00 [exp494_exp413_cat_xgb_physics_bounded_stack] kaggle CLI error: HTTPSConnectionPool(host='api.kaggle.com', port=443): Max retries exceeded with url: /v1/competitions.CompetitionApiService/ListSubmissions (Caused by NameResolutionError("HTTPSConnection(host='api.kaggle.com', port=443): Failed to resolve 'api.kaggle.com' ([Errno -3] Temporary failure in name resolution)"))
2026-07-31T10:48:12+00:00 [exp494_exp413_cat_xgb_physics_bounded_stack] kaggle CLI error: HTTPSConnectionPool(host='api.kaggle.com', port=443): Max retries exceeded with url: /v1/competitions.CompetitionApiService/ListSubmissions (Caused by NameResolutionError("HTTPSConnection(host='api.kaggle.com', port=443): Failed to resolve 'api.kaggle.com' ([Errno -3] Temporary failure in name resolution)"))
2026-07-31T10:49:03+00:00 [exp494_exp413_cat_xgb_physics_bounded_stack] run-time: 10 min, status: pending, publicScore: -, privateScore: -, submitted: 2026-07-31 10:38:28.727000, ref: 55134873
2026-07-31T10:49:49+00:00 [exp494_exp413_cat_xgb_physics_bounded_stack] run-time: 11 min, status: pending, publicScore: -, privateScore: -, submitted: 2026-07-31 10:38:28.727000, ref: 55134873
2026-07-31T10:50:36+00:00 [exp494_exp413_cat_xgb_physics_bounded_stack] run-time: 11 min, status: pending, publicScore: -, privateScore: -, submitted: 2026-07-31 10:38:28.727000, ref: 55134873
2026-07-31T10:51:23+00:00 [exp494_exp413_cat_xgb_physics_bounded_stack] run-time: 12 min, status: pending, publicScore: -, privateScore: -, submitted: 2026-07-31 10:38:28.727000, ref: 55134873
2026-07-31T10:52:22+00:00 [exp494_exp413_cat_xgb_physics_bounded_stack] run-time: 13 min, status: pending, publicScore: -, privateScore: -, submitted: 2026-07-31 10:38:28.727000, ref: 55134873
2026-07-31T10:53:12+00:00 [exp494_exp413_cat_xgb_physics_bounded_stack] run-time: 14 min, status: pending, publicScore: -, privateScore: -, submitted: 2026-07-31 10:38:28.727000, ref: 55134873
2026-07-31T10:54:08+00:00 [exp494_exp413_cat_xgb_physics_bounded_stack] run-time: 15 min, status: pending, publicScore: -, privateScore: -, submitted: 2026-07-31 10:38:28.727000, ref: 55134873
2026-07-31T10:55:04+00:00 [exp494_exp413_cat_xgb_physics_bounded_stack] kaggle CLI error: HTTPSConnectionPool(host='api.kaggle.com', port=443): Max retries exceeded with url: /v1/competitions.CompetitionApiService/ListSubmissions (Caused by NameResolutionError("HTTPSConnection(host='api.kaggle.com', port=443): Failed to resolve 'api.kaggle.com' ([Errno -3] Temporary failure in name resolution)"))
2026-07-31T10:55:54+00:00 [exp494_exp413_cat_xgb_physics_bounded_stack] run-time: 17 min, status: pending, publicScore: -, privateScore: -, submitted: 2026-07-31 10:38:28.727000, ref: 55134873
2026-07-31T10:56:41+00:00 [exp494_exp413_cat_xgb_physics_bounded_stack] run-time: 17 min, status: pending, publicScore: -, privateScore: -, submitted: 2026-07-31 10:38:28.727000, ref: 55134873
2026-07-31T10:57:28+00:00 [exp494_exp413_cat_xgb_physics_bounded_stack] run-time: 18 min, status: pending, publicScore: -, privateScore: -, submitted: 2026-07-31 10:38:28.727000, ref: 55134873
2026-07-31T10:58:24+00:00 [exp494_exp413_cat_xgb_physics_bounded_stack] kaggle CLI error: HTTPSConnectionPool(host='api.kaggle.com', port=443): Max retries exceeded with url: /v1/competitions.CompetitionApiService/ListSubmissions (Caused by NameResolutionError("HTTPSConnection(host='api.kaggle.com', port=443): Failed to resolve 'api.kaggle.com' ([Errno -3] Temporary failure in name resolution)"))
2026-07-31T10:59:19+00:00 [exp494_exp413_cat_xgb_physics_bounded_stack] kaggle CLI error: HTTPSConnectionPool(host='api.kaggle.com', port=443): Max retries exceeded with url: /v1/competitions.CompetitionApiService/ListSubmissions (Caused by NameResolutionError("HTTPSConnection(host='api.kaggle.com', port=443): Failed to resolve 'api.kaggle.com' ([Errno -3] Temporary failure in name resolution)"))
2026-07-31T11:00:17+00:00 [exp494_exp413_cat_xgb_physics_bounded_stack] run-time: 21 min, status: pending, publicScore: -, privateScore: -, submitted: 2026-07-31 10:38:28.727000, ref: 55134873
2026-07-31T11:01:08+00:00 [exp494_exp413_cat_xgb_physics_bounded_stack] run-time: 22 min, status: pending, publicScore: -, privateScore: -, submitted: 2026-07-31 10:38:28.727000, ref: 55134873
2026-07-31T11:01:55+00:00 [exp494_exp413_cat_xgb_physics_bounded_stack] run-time: 23 min, status: pending, publicScore: -, privateScore: -, submitted: 2026-07-31 10:38:28.727000, ref: 55134873
2026-07-31T11:02:43+00:00 [exp494_exp413_cat_xgb_physics_bounded_stack] run-time: 23 min, status: pending, publicScore: -, privateScore: -, submitted: 2026-07-31 10:38:28.727000, ref: 55134873
2026-07-31T11:03:29+00:00 [exp494_exp413_cat_xgb_physics_bounded_stack] run-time: 24 min, status: pending, publicScore: -, privateScore: -, submitted: 2026-07-31 10:38:28.727000, ref: 55134873
2026-07-31T11:04:49+00:00 [exp494_exp413_cat_xgb_physics_bounded_stack] kaggle CLI error: HTTPSConnectionPool(host='api.kaggle.com', port=443): Max retries exceeded with url: /v1/competitions.CompetitionApiService/ListSubmissions (Caused by SSLError(SSLEOFError(8, '[SSL: UNEXPECTED_EOF_WHILE_READING] EOF occurred in violation of protocol (_ssl.c:1081)')))
2026-07-31T11:05:37+00:00 [exp494_exp413_cat_xgb_physics_bounded_stack] run-time: 26 min, status: pending, publicScore: -, privateScore: -, submitted: 2026-07-31 10:38:28.727000, ref: 55134873
2026-07-31T11:06:32+00:00 [exp494_exp413_cat_xgb_physics_bounded_stack] run-time: 27 min, status: pending, publicScore: -, privateScore: -, submitted: 2026-07-31 10:38:28.727000, ref: 55134873
2026-07-31T11:07:19+00:00 [exp494_exp413_cat_xgb_physics_bounded_stack] run-time: 28 min, status: pending, publicScore: -, privateScore: -, submitted: 2026-07-31 10:38:28.727000, ref: 55134873
2026-07-31T11:08:07+00:00 [exp494_exp413_cat_xgb_physics_bounded_stack] run-time: 29 min, status: pending, publicScore: -, privateScore: -, submitted: 2026-07-31 10:38:28.727000, ref: 55134873
2026-07-31T11:08:54+00:00 [exp494_exp413_cat_xgb_physics_bounded_stack] run-time: 30 min, status: pending, publicScore: -, privateScore: -, submitted: 2026-07-31 10:38:28.727000, ref: 55134873
2026-07-31T11:09:40+00:00 [exp494_exp413_cat_xgb_physics_bounded_stack] run-time: 30 min, status: pending, publicScore: -, privateScore: -, submitted: 2026-07-31 10:38:28.727000, ref: 55134873
2026-07-31T11:10:53+00:00 [exp494_exp413_cat_xgb_physics_bounded_stack] kaggle CLI error: ('Connection aborted.', BrokenPipeError(32, 'Broken pipe'))
2026-07-31T11:11:39+00:00 [exp494_exp413_cat_xgb_physics_bounded_stack] run-time: 32 min, status: pending, publicScore: -, privateScore: -, submitted: 2026-07-31 10:38:28.727000, ref: 55134873
2026-07-31T11:12:26+00:00 [exp494_exp413_cat_xgb_physics_bounded_stack] run-time: 33 min, status: pending, publicScore: -, privateScore: -, submitted: 2026-07-31 10:38:28.727000, ref: 55134873
2026-07-31T11:13:15+00:00 [exp494_exp413_cat_xgb_physics_bounded_stack] run-time: 34 min, status: pending, publicScore: -, privateScore: -, submitted: 2026-07-31 10:38:28.727000, ref: 55134873
2026-07-31T11:49:11+00:00 [exp494_exp413_cat_xgb_physics_bounded_stack] run-time: 70 min, status: pending, publicScore: -, privateScore: -, submitted: 2026-07-31 10:38:28.727000, ref: 55134873
2026-07-31T11:49:59+00:00 [exp494_exp413_cat_xgb_physics_bounded_stack] run-time: 71 min, status: pending, publicScore: -, privateScore: -, submitted: 2026-07-31 10:38:28.727000, ref: 55134873
2026-07-31T11:50:45+00:00 [exp494_exp413_cat_xgb_physics_bounded_stack] run-time: 72 min, status: pending, publicScore: -, privateScore: -, submitted: 2026-07-31 10:38:28.727000, ref: 55134873
2026-07-31T11:51:31+00:00 [exp494_exp413_cat_xgb_physics_bounded_stack] run-time: 72 min, status: pending, publicScore: -, privateScore: -, submitted: 2026-07-31 10:38:28.727000, ref: 55134873
2026-07-31T11:52:17+00:00 [exp494_exp413_cat_xgb_physics_bounded_stack] run-time: 73 min, status: pending, publicScore: -, privateScore: -, submitted: 2026-07-31 10:38:28.727000, ref: 55134873
2026-07-31T11:53:03+00:00 [exp494_exp413_cat_xgb_physics_bounded_stack] run-time: 74 min, status: pending, publicScore: -, privateScore: -, submitted: 2026-07-31 10:38:28.727000, ref: 55134873
2026-07-31T11:53:49+00:00 [exp494_exp413_cat_xgb_physics_bounded_stack] run-time: 75 min, status: pending, publicScore: -, privateScore: -, submitted: 2026-07-31 10:38:28.727000, ref: 55134873
2026-07-31T11:54:35+00:00 [exp494_exp413_cat_xgb_physics_bounded_stack] run-time: 75 min, status: pending, publicScore: -, privateScore: -, submitted: 2026-07-31 10:38:28.727000, ref: 55134873
2026-07-31T11:55:21+00:00 [exp494_exp413_cat_xgb_physics_bounded_stack] run-time: 76 min, status: pending, publicScore: -, privateScore: -, submitted: 2026-07-31 10:38:28.727000, ref: 55134873
2026-07-31T11:56:07+00:00 [exp494_exp413_cat_xgb_physics_bounded_stack] run-time: 77 min, status: pending, publicScore: -, privateScore: -, submitted: 2026-07-31 10:38:28.727000, ref: 55134873
2026-07-31T11:57:00+00:00 [exp494_exp413_cat_xgb_physics_bounded_stack] run-time: 78 min, status: pending, publicScore: -, privateScore: -, submitted: 2026-07-31 10:38:28.727000, ref: 55134873
2026-07-31T11:57:49+00:00 [exp494_exp413_cat_xgb_physics_bounded_stack] run-time: 79 min, status: pending, publicScore: -, privateScore: -, submitted: 2026-07-31 10:38:28.727000, ref: 55134873
2026-07-31T11:58:48+00:00 [exp494_exp413_cat_xgb_physics_bounded_stack] run-time: 80 min, status: pending, publicScore: -, privateScore: -, submitted: 2026-07-31 10:38:28.727000, ref: 55134873
2026-07-31T11:59:46+00:00 [exp494_exp413_cat_xgb_physics_bounded_stack] run-time: 81 min, status: pending, publicScore: -, privateScore: -, submitted: 2026-07-31 10:38:28.727000, ref: 55134873
2026-07-31T12:00:34+00:00 [exp494_exp413_cat_xgb_physics_bounded_stack] run-time: 81 min, status: pending, publicScore: -, privateScore: -, submitted: 2026-07-31 10:38:28.727000, ref: 55134873
2026-07-31T12:01:25+00:00 [exp494_exp413_cat_xgb_physics_bounded_stack] run-time: 82 min, status: pending, publicScore: -, privateScore: -, submitted: 2026-07-31 10:38:28.727000, ref: 55134873
2026-07-31T12:02:17+00:00 [exp494_exp413_cat_xgb_physics_bounded_stack] run-time: 83 min, status: pending, publicScore: -, privateScore: -, submitted: 2026-07-31 10:38:28.727000, ref: 55134873
2026-07-31T12:03:04+00:00 [exp494_exp413_cat_xgb_physics_bounded_stack] run-time: 84 min, status: pending, publicScore: -, privateScore: -, submitted: 2026-07-31 10:38:28.727000, ref: 55134873
2026-07-31T12:03:50+00:00 [exp494_exp413_cat_xgb_physics_bounded_stack] run-time: 85 min, status: pending, publicScore: -, privateScore: -, submitted: 2026-07-31 10:38:28.727000, ref: 55134873
2026-07-31T12:04:36+00:00 [exp494_exp413_cat_xgb_physics_bounded_stack] run-time: 85 min, status: pending, publicScore: -, privateScore: -, submitted: 2026-07-31 10:38:28.727000, ref: 55134873
2026-07-31T12:05:22+00:00 [exp494_exp413_cat_xgb_physics_bounded_stack] run-time: 86 min, status: pending, publicScore: -, privateScore: -, submitted: 2026-07-31 10:38:28.727000, ref: 55134873
2026-07-31T12:06:10+00:00 [exp494_exp413_cat_xgb_physics_bounded_stack] run-time: 87 min, status: pending, publicScore: -, privateScore: -, submitted: 2026-07-31 10:38:28.727000, ref: 55134873
2026-07-31T12:06:56+00:00 [exp494_exp413_cat_xgb_physics_bounded_stack] run-time: 88 min, status: pending, publicScore: -, privateScore: -, submitted: 2026-07-31 10:38:28.727000, ref: 55134873
2026-07-31T12:07:43+00:00 [exp494_exp413_cat_xgb_physics_bounded_stack] run-time: 88 min, status: pending, publicScore: -, privateScore: -, submitted: 2026-07-31 10:38:28.727000, ref: 55134873
2026-07-31T12:08:29+00:00 [exp494_exp413_cat_xgb_physics_bounded_stack] run-time: 89 min, status: pending, publicScore: -, privateScore: -, submitted: 2026-07-31 10:38:28.727000, ref: 55134873
2026-07-31T12:09:14+00:00 [exp494_exp413_cat_xgb_physics_bounded_stack] run-time: 90 min, status: pending, publicScore: -, privateScore: -, submitted: 2026-07-31 10:38:28.727000, ref: 55134873
2026-07-31T12:10:00+00:00 [exp494_exp413_cat_xgb_physics_bounded_stack] run-time: 91 min, status: pending, publicScore: -, privateScore: -, submitted: 2026-07-31 10:38:28.727000, ref: 55134873
2026-07-31T12:10:46+00:00 [exp494_exp413_cat_xgb_physics_bounded_stack] run-time: 92 min, status: pending, publicScore: -, privateScore: -, submitted: 2026-07-31 10:38:28.727000, ref: 55134873
2026-07-31T12:11:33+00:00 [exp494_exp413_cat_xgb_physics_bounded_stack] run-time: 92 min, status: pending, publicScore: -, privateScore: -, submitted: 2026-07-31 10:38:28.727000, ref: 55134873
2026-07-31T12:12:19+00:00 [exp494_exp413_cat_xgb_physics_bounded_stack] run-time: 93 min, status: pending, publicScore: -, privateScore: -, submitted: 2026-07-31 10:38:28.727000, ref: 55134873
2026-07-31T12:13:09+00:00 [exp494_exp413_cat_xgb_physics_bounded_stack] run-time: 94 min, status: pending, publicScore: -, privateScore: -, submitted: 2026-07-31 10:38:28.727000, ref: 55134873
2026-07-31T12:13:55+00:00 [exp494_exp413_cat_xgb_physics_bounded_stack] run-time: 95 min, status: pending, publicScore: -, privateScore: -, submitted: 2026-07-31 10:38:28.727000, ref: 55134873
2026-07-31T12:14:42+00:00 [exp494_exp413_cat_xgb_physics_bounded_stack] run-time: 95 min, status: pending, publicScore: -, privateScore: -, submitted: 2026-07-31 10:38:28.727000, ref: 55134873
2026-07-31T12:15:29+00:00 [exp494_exp413_cat_xgb_physics_bounded_stack] run-time: 96 min, status: pending, publicScore: -, privateScore: -, submitted: 2026-07-31 10:38:28.727000, ref: 55134873
2026-07-31T12:16:14+00:00 [exp494_exp413_cat_xgb_physics_bounded_stack] run-time: 97 min, status: pending, publicScore: -, privateScore: -, submitted: 2026-07-31 10:38:28.727000, ref: 55134873
2026-07-31T12:17:00+00:00 [exp494_exp413_cat_xgb_physics_bounded_stack] run-time: 98 min, status: pending, publicScore: -, privateScore: -, submitted: 2026-07-31 10:38:28.727000, ref: 55134873
2026-07-31T12:17:47+00:00 [exp494_exp413_cat_xgb_physics_bounded_stack] run-time: 99 min, status: pending, publicScore: -, privateScore: -, submitted: 2026-07-31 10:38:28.727000, ref: 55134873
2026-07-31T12:18:32+00:00 [exp494_exp413_cat_xgb_physics_bounded_stack] run-time: 99 min, status: pending, publicScore: -, privateScore: -, submitted: 2026-07-31 10:38:28.727000, ref: 55134873
2026-07-31T12:19:19+00:00 [exp494_exp413_cat_xgb_physics_bounded_stack] run-time: 100 min, status: pending, publicScore: -, privateScore: -, submitted: 2026-07-31 10:38:28.727000, ref: 55134873
2026-07-31T12:20:05+00:00 [exp494_exp413_cat_xgb_physics_bounded_stack] run-time: 101 min, status: pending, publicScore: -, privateScore: -, submitted: 2026-07-31 10:38:28.727000, ref: 55134873
2026-07-31T12:20:51+00:00 [exp494_exp413_cat_xgb_physics_bounded_stack] run-time: 102 min, status: pending, publicScore: -, privateScore: -, submitted: 2026-07-31 10:38:28.727000, ref: 55134873
2026-07-31T12:21:38+00:00 [exp494_exp413_cat_xgb_physics_bounded_stack] run-time: 102 min, status: pending, publicScore: -, privateScore: -, submitted: 2026-07-31 10:38:28.727000, ref: 55134873
2026-07-31T12:22:24+00:00 [exp494_exp413_cat_xgb_physics_bounded_stack] run-time: 103 min, status: pending, publicScore: -, privateScore: -, submitted: 2026-07-31 10:38:28.727000, ref: 55134873
2026-07-31T12:23:10+00:00 [exp494_exp413_cat_xgb_physics_bounded_stack] run-time: 104 min, status: pending, publicScore: -, privateScore: -, submitted: 2026-07-31 10:38:28.727000, ref: 55134873
2026-07-31T12:23:56+00:00 [exp494_exp413_cat_xgb_physics_bounded_stack] run-time: 105 min, status: pending, publicScore: -, privateScore: -, submitted: 2026-07-31 10:38:28.727000, ref: 55134873
2026-07-31T12:24:42+00:00 [exp494_exp413_cat_xgb_physics_bounded_stack] run-time: 105 min, status: pending, publicScore: -, privateScore: -, submitted: 2026-07-31 10:38:28.727000, ref: 55134873
2026-07-31T12:25:27+00:00 [exp494_exp413_cat_xgb_physics_bounded_stack] run-time: 106 min, status: pending, publicScore: -, privateScore: -, submitted: 2026-07-31 10:38:28.727000, ref: 55134873
2026-07-31T12:26:14+00:00 [exp494_exp413_cat_xgb_physics_bounded_stack] run-time: 107 min, status: pending, publicScore: -, privateScore: -, submitted: 2026-07-31 10:38:28.727000, ref: 55134873
2026-07-31T12:26:59+00:00 [exp494_exp413_cat_xgb_physics_bounded_stack] run-time: 108 min, status: pending, publicScore: -, privateScore: -, submitted: 2026-07-31 10:38:28.727000, ref: 55134873
2026-07-31T12:27:45+00:00 [exp494_exp413_cat_xgb_physics_bounded_stack] run-time: 109 min, status: pending, publicScore: -, privateScore: -, submitted: 2026-07-31 10:38:28.727000, ref: 55134873
2026-07-31T12:28:31+00:00 [exp494_exp413_cat_xgb_physics_bounded_stack] run-time: 109 min, status: pending, publicScore: -, privateScore: -, submitted: 2026-07-31 10:38:28.727000, ref: 55134873
2026-07-31T12:29:17+00:00 [exp494_exp413_cat_xgb_physics_bounded_stack] run-time: 110 min, status: pending, publicScore: -, privateScore: -, submitted: 2026-07-31 10:38:28.727000, ref: 55134873
2026-07-31T12:30:02+00:00 [exp494_exp413_cat_xgb_physics_bounded_stack] run-time: 111 min, status: pending, publicScore: -, privateScore: -, submitted: 2026-07-31 10:38:28.727000, ref: 55134873
2026-07-31T12:30:48+00:00 [exp494_exp413_cat_xgb_physics_bounded_stack] run-time: 112 min, status: pending, publicScore: -, privateScore: -, submitted: 2026-07-31 10:38:28.727000, ref: 55134873
2026-07-31T12:31:34+00:00 [exp494_exp413_cat_xgb_physics_bounded_stack] run-time: 112 min, status: pending, publicScore: -, privateScore: -, submitted: 2026-07-31 10:38:28.727000, ref: 55134873
2026-07-31T12:32:20+00:00 [exp494_exp413_cat_xgb_physics_bounded_stack] run-time: 113 min, status: pending, publicScore: -, privateScore: -, submitted: 2026-07-31 10:38:28.727000, ref: 55134873
2026-07-31T12:33:06+00:00 [exp494_exp413_cat_xgb_physics_bounded_stack] run-time: 114 min, status: pending, publicScore: -, privateScore: -, submitted: 2026-07-31 10:38:28.727000, ref: 55134873
2026-07-31T12:33:52+00:00 [exp494_exp413_cat_xgb_physics_bounded_stack] run-time: 115 min, status: pending, publicScore: -, privateScore: -, submitted: 2026-07-31 10:38:28.727000, ref: 55134873
2026-07-31T12:34:38+00:00 [exp494_exp413_cat_xgb_physics_bounded_stack] run-time: 115 min, status: pending, publicScore: -, privateScore: -, submitted: 2026-07-31 10:38:28.727000, ref: 55134873
2026-07-31T12:35:24+00:00 [exp494_exp413_cat_xgb_physics_bounded_stack] run-time: 116 min, status: pending, publicScore: -, privateScore: -, submitted: 2026-07-31 10:38:28.727000, ref: 55134873
2026-07-31T12:36:10+00:00 [exp494_exp413_cat_xgb_physics_bounded_stack] run-time: 117 min, status: pending, publicScore: -, privateScore: -, submitted: 2026-07-31 10:38:28.727000, ref: 55134873
2026-07-31T12:36:55+00:00 [exp494_exp413_cat_xgb_physics_bounded_stack] run-time: 118 min, status: pending, publicScore: -, privateScore: -, submitted: 2026-07-31 10:38:28.727000, ref: 55134873
2026-07-31T12:37:41+00:00 [exp494_exp413_cat_xgb_physics_bounded_stack] run-time: 118 min, status: pending, publicScore: -, privateScore: -, submitted: 2026-07-31 10:38:28.727000, ref: 55134873
2026-07-31T12:38:27+00:00 [exp494_exp413_cat_xgb_physics_bounded_stack] run-time: 119 min, status: pending, publicScore: -, privateScore: -, submitted: 2026-07-31 10:38:28.727000, ref: 55134873
2026-07-31T12:39:13+00:00 [exp494_exp413_cat_xgb_physics_bounded_stack] run-time: 120 min, status: pending, publicScore: -, privateScore: -, submitted: 2026-07-31 10:38:28.727000, ref: 55134873
2026-07-31T12:39:59+00:00 [exp494_exp413_cat_xgb_physics_bounded_stack] run-time: 121 min, status: pending, publicScore: -, privateScore: -, submitted: 2026-07-31 10:38:28.727000, ref: 55134873
2026-07-31T12:40:44+00:00 [exp494_exp413_cat_xgb_physics_bounded_stack] run-time: 122 min, status: pending, publicScore: -, privateScore: -, submitted: 2026-07-31 10:38:28.727000, ref: 55134873
2026-07-31T12:41:30+00:00 [exp494_exp413_cat_xgb_physics_bounded_stack] run-time: 122 min, status: pending, publicScore: -, privateScore: -, submitted: 2026-07-31 10:38:28.727000, ref: 55134873
2026-07-31T12:42:16+00:00 [exp494_exp413_cat_xgb_physics_bounded_stack] run-time: 123 min, status: pending, publicScore: -, privateScore: -, submitted: 2026-07-31 10:38:28.727000, ref: 55134873
2026-07-31T12:43:02+00:00 [exp494_exp413_cat_xgb_physics_bounded_stack] run-time: 124 min, status: pending, publicScore: -, privateScore: -, submitted: 2026-07-31 10:38:28.727000, ref: 55134873
2026-07-31T12:43:48+00:00 [exp494_exp413_cat_xgb_physics_bounded_stack] run-time: 125 min, status: pending, publicScore: -, privateScore: -, submitted: 2026-07-31 10:38:28.727000, ref: 55134873
2026-07-31T12:44:33+00:00 [exp494_exp413_cat_xgb_physics_bounded_stack] run-time: 125 min, status: pending, publicScore: -, privateScore: -, submitted: 2026-07-31 10:38:28.727000, ref: 55134873
2026-07-31T12:45:19+00:00 [exp494_exp413_cat_xgb_physics_bounded_stack] run-time: 126 min, status: pending, publicScore: -, privateScore: -, submitted: 2026-07-31 10:38:28.727000, ref: 55134873
2026-07-31T12:46:06+00:00 [exp494_exp413_cat_xgb_physics_bounded_stack] run-time: 127 min, status: pending, publicScore: -, privateScore: -, submitted: 2026-07-31 10:38:28.727000, ref: 55134873
2026-07-31T12:46:52+00:00 [exp494_exp413_cat_xgb_physics_bounded_stack] run-time: 128 min, status: pending, publicScore: -, privateScore: -, submitted: 2026-07-31 10:38:28.727000, ref: 55134873
2026-07-31T12:47:38+00:00 [exp494_exp413_cat_xgb_physics_bounded_stack] run-time: 128 min, status: pending, publicScore: -, privateScore: -, submitted: 2026-07-31 10:38:28.727000, ref: 55134873
2026-07-31T12:48:24+00:00 [exp494_exp413_cat_xgb_physics_bounded_stack] run-time: 129 min, status: pending, publicScore: -, privateScore: -, submitted: 2026-07-31 10:38:28.727000, ref: 55134873
2026-07-31T12:49:10+00:00 [exp494_exp413_cat_xgb_physics_bounded_stack] run-time: 130 min, status: pending, publicScore: -, privateScore: -, submitted: 2026-07-31 10:38:28.727000, ref: 55134873
2026-07-31T12:49:57+00:00 [exp494_exp413_cat_xgb_physics_bounded_stack] run-time: 131 min, status: pending, publicScore: -, privateScore: -, submitted: 2026-07-31 10:38:28.727000, ref: 55134873
2026-07-31T12:50:44+00:00 [exp494_exp413_cat_xgb_physics_bounded_stack] run-time: 132 min, status: pending, publicScore: -, privateScore: -, submitted: 2026-07-31 10:38:28.727000, ref: 55134873
2026-07-31T12:51:30+00:00 [exp494_exp413_cat_xgb_physics_bounded_stack] run-time: 132 min, status: pending, publicScore: -, privateScore: -, submitted: 2026-07-31 10:38:28.727000, ref: 55134873
2026-07-31T12:52:17+00:00 [exp494_exp413_cat_xgb_physics_bounded_stack] run-time: 133 min, status: pending, publicScore: -, privateScore: -, submitted: 2026-07-31 10:38:28.727000, ref: 55134873
2026-07-31T12:53:02+00:00 [exp494_exp413_cat_xgb_physics_bounded_stack] run-time: 134 min, status: pending, publicScore: -, privateScore: -, submitted: 2026-07-31 10:38:28.727000, ref: 55134873
2026-07-31T12:53:48+00:00 [exp494_exp413_cat_xgb_physics_bounded_stack] run-time: 135 min, status: pending, publicScore: -, privateScore: -, submitted: 2026-07-31 10:38:28.727000, ref: 55134873
2026-07-31T12:54:34+00:00 [exp494_exp413_cat_xgb_physics_bounded_stack] run-time: 135 min, status: pending, publicScore: -, privateScore: -, submitted: 2026-07-31 10:38:28.727000, ref: 55134873
2026-07-31T12:55:20+00:00 [exp494_exp413_cat_xgb_physics_bounded_stack] run-time: 136 min, status: pending, publicScore: -, privateScore: -, submitted: 2026-07-31 10:38:28.727000, ref: 55134873
2026-07-31T12:56:07+00:00 [exp494_exp413_cat_xgb_physics_bounded_stack] run-time: 137 min, status: pending, publicScore: -, privateScore: -, submitted: 2026-07-31 10:38:28.727000, ref: 55134873
2026-07-31T12:56:53+00:00 [exp494_exp413_cat_xgb_physics_bounded_stack] run-time: 138 min, status: pending, publicScore: -, privateScore: -, submitted: 2026-07-31 10:38:28.727000, ref: 55134873
2026-07-31T12:57:39+00:00 [exp494_exp413_cat_xgb_physics_bounded_stack] run-time: 138 min, status: pending, publicScore: -, privateScore: -, submitted: 2026-07-31 10:38:28.727000, ref: 55134873
2026-07-31T12:58:24+00:00 [exp494_exp413_cat_xgb_physics_bounded_stack] run-time: 139 min, status: pending, publicScore: -, privateScore: -, submitted: 2026-07-31 10:38:28.727000, ref: 55134873
2026-07-31T12:59:10+00:00 [exp494_exp413_cat_xgb_physics_bounded_stack] run-time: 140 min, status: pending, publicScore: -, privateScore: -, submitted: 2026-07-31 10:38:28.727000, ref: 55134873
2026-07-31T12:59:56+00:00 [exp494_exp413_cat_xgb_physics_bounded_stack] run-time: 141 min, status: pending, publicScore: -, privateScore: -, submitted: 2026-07-31 10:38:28.727000, ref: 55134873
2026-07-31T13:00:42+00:00 [exp494_exp413_cat_xgb_physics_bounded_stack] run-time: 141 min, status: pending, publicScore: -, privateScore: -, submitted: 2026-07-31 10:38:28.727000, ref: 55134873
2026-07-31T13:01:28+00:00 [exp494_exp413_cat_xgb_physics_bounded_stack] run-time: 142 min, status: pending, publicScore: -, privateScore: -, submitted: 2026-07-31 10:38:28.727000, ref: 55134873
2026-07-31T13:02:14+00:00 [exp494_exp413_cat_xgb_physics_bounded_stack] run-time: 143 min, status: pending, publicScore: -, privateScore: -, submitted: 2026-07-31 10:38:28.727000, ref: 55134873
2026-07-31T13:02:59+00:00 [exp494_exp413_cat_xgb_physics_bounded_stack] run-time: 144 min, status: pending, publicScore: -, privateScore: -, submitted: 2026-07-31 10:38:28.727000, ref: 55134873
2026-07-31T13:03:45+00:00 [exp494_exp413_cat_xgb_physics_bounded_stack] run-time: 145 min, status: pending, publicScore: -, privateScore: -, submitted: 2026-07-31 10:38:28.727000, ref: 55134873
2026-07-31T13:04:31+00:00 [exp494_exp413_cat_xgb_physics_bounded_stack] run-time: 145 min, status: pending, publicScore: -, privateScore: -, submitted: 2026-07-31 10:38:28.727000, ref: 55134873
2026-07-31T13:05:17+00:00 [exp494_exp413_cat_xgb_physics_bounded_stack] run-time: 146 min, status: pending, publicScore: -, privateScore: -, submitted: 2026-07-31 10:38:28.727000, ref: 55134873
2026-07-31T13:06:03+00:00 [exp494_exp413_cat_xgb_physics_bounded_stack] run-time: 147 min, status: pending, publicScore: -, privateScore: -, submitted: 2026-07-31 10:38:28.727000, ref: 55134873
2026-07-31T13:06:49+00:00 [exp494_exp413_cat_xgb_physics_bounded_stack] run-time: 148 min, status: pending, publicScore: -, privateScore: -, submitted: 2026-07-31 10:38:28.727000, ref: 55134873
2026-07-31T13:07:34+00:00 [exp494_exp413_cat_xgb_physics_bounded_stack] run-time: 148 min, status: pending, publicScore: -, privateScore: -, submitted: 2026-07-31 10:38:28.727000, ref: 55134873
2026-07-31T13:08:20+00:00 [exp494_exp413_cat_xgb_physics_bounded_stack] run-time: 149 min, status: pending, publicScore: -, privateScore: -, submitted: 2026-07-31 10:38:28.727000, ref: 55134873
2026-07-31T13:09:06+00:00 [exp494_exp413_cat_xgb_physics_bounded_stack] run-time: 150 min, status: pending, publicScore: -, privateScore: -, submitted: 2026-07-31 10:38:28.727000, ref: 55134873
2026-07-31T13:09:52+00:00 [exp494_exp413_cat_xgb_physics_bounded_stack] run-time: 151 min, status: pending, publicScore: -, privateScore: -, submitted: 2026-07-31 10:38:28.727000, ref: 55134873
2026-07-31T13:10:38+00:00 [exp494_exp413_cat_xgb_physics_bounded_stack] run-time: 151 min, status: pending, publicScore: -, privateScore: -, submitted: 2026-07-31 10:38:28.727000, ref: 55134873
2026-07-31T13:11:23+00:00 [exp494_exp413_cat_xgb_physics_bounded_stack] run-time: 152 min, status: pending, publicScore: -, privateScore: -, submitted: 2026-07-31 10:38:28.727000, ref: 55134873
2026-07-31T13:12:09+00:00 [exp494_exp413_cat_xgb_physics_bounded_stack] run-time: 153 min, status: pending, publicScore: -, privateScore: -, submitted: 2026-07-31 10:38:28.727000, ref: 55134873
2026-07-31T13:12:55+00:00 [exp494_exp413_cat_xgb_physics_bounded_stack] run-time: 154 min, status: pending, publicScore: -, privateScore: -, submitted: 2026-07-31 10:38:28.727000, ref: 55134873
2026-07-31T13:13:40+00:00 [exp494_exp413_cat_xgb_physics_bounded_stack] run-time: 154 min, status: pending, publicScore: -, privateScore: -, submitted: 2026-07-31 10:38:28.727000, ref: 55134873
2026-07-31T13:14:26+00:00 [exp494_exp413_cat_xgb_physics_bounded_stack] run-time: 155 min, status: pending, publicScore: -, privateScore: -, submitted: 2026-07-31 10:38:28.727000, ref: 55134873
2026-07-31T13:15:12+00:00 [exp494_exp413_cat_xgb_physics_bounded_stack] run-time: 156 min, status: pending, publicScore: -, privateScore: -, submitted: 2026-07-31 10:38:28.727000, ref: 55134873
2026-07-31T13:15:58+00:00 [exp494_exp413_cat_xgb_physics_bounded_stack] run-time: 157 min, status: pending, publicScore: -, privateScore: -, submitted: 2026-07-31 10:38:28.727000, ref: 55134873
2026-07-31T13:16:44+00:00 [exp494_exp413_cat_xgb_physics_bounded_stack] run-time: 158 min, status: pending, publicScore: -, privateScore: -, submitted: 2026-07-31 10:38:28.727000, ref: 55134873
2026-07-31T13:17:30+00:00 [exp494_exp413_cat_xgb_physics_bounded_stack] run-time: 158 min, status: pending, publicScore: -, privateScore: -, submitted: 2026-07-31 10:38:28.727000, ref: 55134873
2026-07-31T13:18:16+00:00 [exp494_exp413_cat_xgb_physics_bounded_stack] run-time: 159 min, status: pending, publicScore: -, privateScore: -, submitted: 2026-07-31 10:38:28.727000, ref: 55134873
2026-07-31T13:19:01+00:00 [exp494_exp413_cat_xgb_physics_bounded_stack] run-time: 160 min, status: pending, publicScore: -, privateScore: -, submitted: 2026-07-31 10:38:28.727000, ref: 55134873
2026-07-31T13:19:47+00:00 [exp494_exp413_cat_xgb_physics_bounded_stack] run-time: 161 min, status: pending, publicScore: -, privateScore: -, submitted: 2026-07-31 10:38:28.727000, ref: 55134873
2026-07-31T13:20:33+00:00 [exp494_exp413_cat_xgb_physics_bounded_stack] run-time: 161 min, status: pending, publicScore: -, privateScore: -, submitted: 2026-07-31 10:38:28.727000, ref: 55134873
2026-07-31T13:21:19+00:00 [exp494_exp413_cat_xgb_physics_bounded_stack] run-time: 162 min, status: pending, publicScore: -, privateScore: -, submitted: 2026-07-31 10:38:28.727000, ref: 55134873
2026-07-31T13:22:05+00:00 [exp494_exp413_cat_xgb_physics_bounded_stack] run-time: 163 min, status: pending, publicScore: -, privateScore: -, submitted: 2026-07-31 10:38:28.727000, ref: 55134873
2026-07-31T13:22:51+00:00 [exp494_exp413_cat_xgb_physics_bounded_stack] run-time: 164 min, status: pending, publicScore: -, privateScore: -, submitted: 2026-07-31 10:38:28.727000, ref: 55134873
2026-07-31T13:23:37+00:00 [exp494_exp413_cat_xgb_physics_bounded_stack] run-time: 164 min, status: pending, publicScore: -, privateScore: -, submitted: 2026-07-31 10:38:28.727000, ref: 55134873
2026-07-31T13:24:23+00:00 [exp494_exp413_cat_xgb_physics_bounded_stack] run-time: 165 min, status: pending, publicScore: -, privateScore: -, submitted: 2026-07-31 10:38:28.727000, ref: 55134873
2026-07-31T13:25:09+00:00 [exp494_exp413_cat_xgb_physics_bounded_stack] run-time: 166 min, status: pending, publicScore: -, privateScore: -, submitted: 2026-07-31 10:38:28.727000, ref: 55134873
2026-07-31T13:25:55+00:00 [exp494_exp413_cat_xgb_physics_bounded_stack] run-time: 167 min, status: pending, publicScore: -, privateScore: -, submitted: 2026-07-31 10:38:28.727000, ref: 55134873
2026-07-31T13:26:41+00:00 [exp494_exp413_cat_xgb_physics_bounded_stack] run-time: 167 min, status: pending, publicScore: -, privateScore: -, submitted: 2026-07-31 10:38:28.727000, ref: 55134873
2026-07-31T13:27:27+00:00 [exp494_exp413_cat_xgb_physics_bounded_stack] run-time: 168 min, status: pending, publicScore: -, privateScore: -, submitted: 2026-07-31 10:38:28.727000, ref: 55134873
2026-07-31T13:28:12+00:00 [exp494_exp413_cat_xgb_physics_bounded_stack] run-time: 169 min, status: pending, publicScore: -, privateScore: -, submitted: 2026-07-31 10:38:28.727000, ref: 55134873
2026-07-31T13:28:58+00:00 [exp494_exp413_cat_xgb_physics_bounded_stack] run-time: 170 min, status: pending, publicScore: -, privateScore: -, submitted: 2026-07-31 10:38:28.727000, ref: 55134873
2026-07-31T13:29:44+00:00 [exp494_exp413_cat_xgb_physics_bounded_stack] run-time: 171 min, status: pending, publicScore: -, privateScore: -, submitted: 2026-07-31 10:38:28.727000, ref: 55134873
2026-07-31T13:30:31+00:00 [exp494_exp413_cat_xgb_physics_bounded_stack] run-time: 171 min, status: pending, publicScore: -, privateScore: -, submitted: 2026-07-31 10:38:28.727000, ref: 55134873
2026-07-31T13:31:16+00:00 [exp494_exp413_cat_xgb_physics_bounded_stack] run-time: 172 min, status: pending, publicScore: -, privateScore: -, submitted: 2026-07-31 10:38:28.727000, ref: 55134873
2026-07-31T13:32:02+00:00 [exp494_exp413_cat_xgb_physics_bounded_stack] run-time: 173 min, status: pending, publicScore: -, privateScore: -, submitted: 2026-07-31 10:38:28.727000, ref: 55134873
2026-07-31T13:32:48+00:00 [exp494_exp413_cat_xgb_physics_bounded_stack] run-time: 174 min, status: pending, publicScore: -, privateScore: -, submitted: 2026-07-31 10:38:28.727000, ref: 55134873
2026-07-31T13:33:34+00:00 [exp494_exp413_cat_xgb_physics_bounded_stack] run-time: 174 min, status: pending, publicScore: -, privateScore: -, submitted: 2026-07-31 10:38:28.727000, ref: 55134873
2026-07-31T13:34:20+00:00 [exp494_exp413_cat_xgb_physics_bounded_stack] run-time: 175 min, status: pending, publicScore: -, privateScore: -, submitted: 2026-07-31 10:38:28.727000, ref: 55134873
2026-07-31T13:35:06+00:00 [exp494_exp413_cat_xgb_physics_bounded_stack] run-time: 176 min, status: pending, publicScore: -, privateScore: -, submitted: 2026-07-31 10:38:28.727000, ref: 55134873
2026-07-31T13:35:52+00:00 [exp494_exp413_cat_xgb_physics_bounded_stack] run-time: 177 min, status: pending, publicScore: -, privateScore: -, submitted: 2026-07-31 10:38:28.727000, ref: 55134873
2026-07-31T13:36:37+00:00 [exp494_exp413_cat_xgb_physics_bounded_stack] run-time: 177 min, status: pending, publicScore: -, privateScore: -, submitted: 2026-07-31 10:38:28.727000, ref: 55134873
2026-07-31T13:37:23+00:00 [exp494_exp413_cat_xgb_physics_bounded_stack] run-time: 178 min, status: pending, publicScore: -, privateScore: -, submitted: 2026-07-31 10:38:28.727000, ref: 55134873
2026-07-31T13:38:09+00:00 [exp494_exp413_cat_xgb_physics_bounded_stack] run-time: 179 min, status: pending, publicScore: -, privateScore: -, submitted: 2026-07-31 10:38:28.727000, ref: 55134873
2026-07-31T13:38:56+00:00 [exp494_exp413_cat_xgb_physics_bounded_stack] run-time: 180 min, status: pending, publicScore: -, privateScore: -, submitted: 2026-07-31 10:38:28.727000, ref: 55134873
2026-07-31T13:39:41+00:00 [exp494_exp413_cat_xgb_physics_bounded_stack] run-time: 180 min, status: pending, publicScore: -, privateScore: -, submitted: 2026-07-31 10:38:28.727000, ref: 55134873
2026-07-31T13:40:27+00:00 [exp494_exp413_cat_xgb_physics_bounded_stack] run-time: 181 min, status: pending, publicScore: -, privateScore: -, submitted: 2026-07-31 10:38:28.727000, ref: 55134873
2026-07-31T13:41:13+00:00 [exp494_exp413_cat_xgb_physics_bounded_stack] run-time: 182 min, status: pending, publicScore: -, privateScore: -, submitted: 2026-07-31 10:38:28.727000, ref: 55134873
2026-07-31T13:41:59+00:00 [exp494_exp413_cat_xgb_physics_bounded_stack] run-time: 183 min, status: pending, publicScore: -, privateScore: -, submitted: 2026-07-31 10:38:28.727000, ref: 55134873
2026-07-31T13:42:45+00:00 [exp494_exp413_cat_xgb_physics_bounded_stack] run-time: 184 min, status: pending, publicScore: -, privateScore: -, submitted: 2026-07-31 10:38:28.727000, ref: 55134873
2026-07-31T13:43:31+00:00 [exp494_exp413_cat_xgb_physics_bounded_stack] run-time: 184 min, status: pending, publicScore: -, privateScore: -, submitted: 2026-07-31 10:38:28.727000, ref: 55134873
2026-07-31T13:44:16+00:00 [exp494_exp413_cat_xgb_physics_bounded_stack] run-time: 185 min, status: pending, publicScore: -, privateScore: -, submitted: 2026-07-31 10:38:28.727000, ref: 55134873
2026-07-31T13:45:02+00:00 [exp494_exp413_cat_xgb_physics_bounded_stack] run-time: 186 min, status: pending, publicScore: -, privateScore: -, submitted: 2026-07-31 10:38:28.727000, ref: 55134873
2026-07-31T13:45:48+00:00 [exp494_exp413_cat_xgb_physics_bounded_stack] run-time: 187 min, status: pending, publicScore: -, privateScore: -, submitted: 2026-07-31 10:38:28.727000, ref: 55134873
2026-07-31T13:46:34+00:00 [exp494_exp413_cat_xgb_physics_bounded_stack] run-time: 187 min, status: pending, publicScore: -, privateScore: -, submitted: 2026-07-31 10:38:28.727000, ref: 55134873
2026-07-31T13:47:19+00:00 [exp494_exp413_cat_xgb_physics_bounded_stack] run-time: 188 min, status: pending, publicScore: -, privateScore: -, submitted: 2026-07-31 10:38:28.727000, ref: 55134873
2026-07-31T13:48:05+00:00 [exp494_exp413_cat_xgb_physics_bounded_stack] run-time: 189 min, status: pending, publicScore: -, privateScore: -, submitted: 2026-07-31 10:38:28.727000, ref: 55134873
2026-07-31T13:48:51+00:00 [exp494_exp413_cat_xgb_physics_bounded_stack] run-time: 190 min, status: pending, publicScore: -, privateScore: -, submitted: 2026-07-31 10:38:28.727000, ref: 55134873
2026-07-31T13:49:37+00:00 [exp494_exp413_cat_xgb_physics_bounded_stack] run-time: 190 min, status: pending, publicScore: -, privateScore: -, submitted: 2026-07-31 10:38:28.727000, ref: 55134873
2026-07-31T13:50:22+00:00 [exp494_exp413_cat_xgb_physics_bounded_stack] run-time: 191 min, status: pending, publicScore: -, privateScore: -, submitted: 2026-07-31 10:38:28.727000, ref: 55134873
2026-07-31T13:51:08+00:00 [exp494_exp413_cat_xgb_physics_bounded_stack] run-time: 192 min, status: pending, publicScore: -, privateScore: -, submitted: 2026-07-31 10:38:28.727000, ref: 55134873
2026-07-31T13:51:54+00:00 [exp494_exp413_cat_xgb_physics_bounded_stack] run-time: 193 min, status: pending, publicScore: -, privateScore: -, submitted: 2026-07-31 10:38:28.727000, ref: 55134873
2026-07-31T13:52:40+00:00 [exp494_exp413_cat_xgb_physics_bounded_stack] run-time: 193 min, status: pending, publicScore: -, privateScore: -, submitted: 2026-07-31 10:38:28.727000, ref: 55134873
2026-07-31T13:53:25+00:00 [exp494_exp413_cat_xgb_physics_bounded_stack] run-time: 194 min, status: pending, publicScore: -, privateScore: -, submitted: 2026-07-31 10:38:28.727000, ref: 55134873
2026-07-31T13:54:11+00:00 [exp494_exp413_cat_xgb_physics_bounded_stack] run-time: 195 min, status: pending, publicScore: -, privateScore: -, submitted: 2026-07-31 10:38:28.727000, ref: 55134873
2026-07-31T13:55:01+00:00 [exp494_exp413_cat_xgb_physics_bounded_stack] run-time: 196 min, status: pending, publicScore: -, privateScore: -, submitted: 2026-07-31 10:38:28.727000, ref: 55134873
2026-07-31T13:55:52+00:00 [exp494_exp413_cat_xgb_physics_bounded_stack] run-time: 197 min, status: pending, publicScore: -, privateScore: -, submitted: 2026-07-31 10:38:28.727000, ref: 55134873
2026-07-31T13:56:42+00:00 [exp494_exp413_cat_xgb_physics_bounded_stack] run-time: 197 min, status: pending, publicScore: -, privateScore: -, submitted: 2026-07-31 10:38:28.727000, ref: 55134873
2026-07-31T13:57:32+00:00 [exp494_exp413_cat_xgb_physics_bounded_stack] run-time: 198 min, status: pending, publicScore: -, privateScore: -, submitted: 2026-07-31 10:38:28.727000, ref: 55134873
2026-07-31T13:58:22+00:00 [exp494_exp413_cat_xgb_physics_bounded_stack] run-time: 199 min, status: pending, publicScore: -, privateScore: -, submitted: 2026-07-31 10:38:28.727000, ref: 55134873
2026-07-31T13:59:11+00:00 [exp494_exp413_cat_xgb_physics_bounded_stack] run-time: 200 min, status: pending, publicScore: -, privateScore: -, submitted: 2026-07-31 10:38:28.727000, ref: 55134873
2026-07-31T14:00:01+00:00 [exp494_exp413_cat_xgb_physics_bounded_stack] run-time: 201 min, status: pending, publicScore: -, privateScore: -, submitted: 2026-07-31 10:38:28.727000, ref: 55134873
2026-07-31T14:00:50+00:00 [exp494_exp413_cat_xgb_physics_bounded_stack] run-time: 202 min, status: pending, publicScore: -, privateScore: -, submitted: 2026-07-31 10:38:28.727000, ref: 55134873
2026-07-31T14:01:41+00:00 [exp494_exp413_cat_xgb_physics_bounded_stack] run-time: 202 min, status: pending, publicScore: -, privateScore: -, submitted: 2026-07-31 10:38:28.727000, ref: 55134873
2026-07-31T14:02:31+00:00 [exp494_exp413_cat_xgb_physics_bounded_stack] run-time: 203 min, status: pending, publicScore: -, privateScore: -, submitted: 2026-07-31 10:38:28.727000, ref: 55134873
2026-07-31T14:03:21+00:00 [exp494_exp413_cat_xgb_physics_bounded_stack] run-time: 204 min, status: pending, publicScore: -, privateScore: -, submitted: 2026-07-31 10:38:28.727000, ref: 55134873
2026-07-31T14:04:07+00:00 [exp494_exp413_cat_xgb_physics_bounded_stack] run-time: 205 min, status: pending, publicScore: -, privateScore: -, submitted: 2026-07-31 10:38:28.727000, ref: 55134873
2026-07-31T14:04:52+00:00 [exp494_exp413_cat_xgb_physics_bounded_stack] run-time: 206 min, status: pending, publicScore: -, privateScore: -, submitted: 2026-07-31 10:38:28.727000, ref: 55134873
2026-07-31T14:05:38+00:00 [exp494_exp413_cat_xgb_physics_bounded_stack] run-time: 206 min, status: pending, publicScore: -, privateScore: -, submitted: 2026-07-31 10:38:28.727000, ref: 55134873
2026-07-31T14:06:24+00:00 [exp494_exp413_cat_xgb_physics_bounded_stack] run-time: 207 min, status: pending, publicScore: -, privateScore: -, submitted: 2026-07-31 10:38:28.727000, ref: 55134873
2026-07-31T14:07:10+00:00 [exp494_exp413_cat_xgb_physics_bounded_stack] run-time: 208 min, status: pending, publicScore: -, privateScore: -, submitted: 2026-07-31 10:38:28.727000, ref: 55134873
2026-07-31T14:07:56+00:00 [exp494_exp413_cat_xgb_physics_bounded_stack] run-time: 209 min, status: pending, publicScore: -, privateScore: -, submitted: 2026-07-31 10:38:28.727000, ref: 55134873
2026-07-31T14:08:42+00:00 [exp494_exp413_cat_xgb_physics_bounded_stack] run-time: 209 min, status: pending, publicScore: -, privateScore: -, submitted: 2026-07-31 10:38:28.727000, ref: 55134873
2026-07-31T14:09:27+00:00 [exp494_exp413_cat_xgb_physics_bounded_stack] run-time: 210 min, status: pending, publicScore: -, privateScore: -, submitted: 2026-07-31 10:38:28.727000, ref: 55134873
2026-07-31T14:10:13+00:00 [exp494_exp413_cat_xgb_physics_bounded_stack] run-time: 211 min, status: pending, publicScore: -, privateScore: -, submitted: 2026-07-31 10:38:28.727000, ref: 55134873
2026-07-31T14:10:59+00:00 [exp494_exp413_cat_xgb_physics_bounded_stack] run-time: 212 min, status: pending, publicScore: -, privateScore: -, submitted: 2026-07-31 10:38:28.727000, ref: 55134873
2026-07-31T14:11:45+00:00 [exp494_exp413_cat_xgb_physics_bounded_stack] run-time: 213 min, status: pending, publicScore: -, privateScore: -, submitted: 2026-07-31 10:38:28.727000, ref: 55134873
2026-07-31T14:12:30+00:00 [exp494_exp413_cat_xgb_physics_bounded_stack] run-time: 213 min, status: pending, publicScore: -, privateScore: -, submitted: 2026-07-31 10:38:28.727000, ref: 55134873
2026-07-31T14:13:16+00:00 [exp494_exp413_cat_xgb_physics_bounded_stack] run-time: 214 min, status: pending, publicScore: -, privateScore: -, submitted: 2026-07-31 10:38:28.727000, ref: 55134873
2026-07-31T14:14:02+00:00 [exp494_exp413_cat_xgb_physics_bounded_stack] run-time: 215 min, status: pending, publicScore: -, privateScore: -, submitted: 2026-07-31 10:38:28.727000, ref: 55134873
2026-07-31T14:14:48+00:00 [exp494_exp413_cat_xgb_physics_bounded_stack] run-time: 216 min, status: pending, publicScore: -, privateScore: -, submitted: 2026-07-31 10:38:28.727000, ref: 55134873
2026-07-31T14:15:37+00:00 [exp494_exp413_cat_xgb_physics_bounded_stack] run-time: 216 min, status: pending, publicScore: -, privateScore: -, submitted: 2026-07-31 10:38:28.727000, ref: 55134873
2026-07-31T14:16:23+00:00 [exp494_exp413_cat_xgb_physics_bounded_stack] run-time: 217 min, status: pending, publicScore: -, privateScore: -, submitted: 2026-07-31 10:38:28.727000, ref: 55134873
2026-07-31T14:17:14+00:00 [exp494_exp413_cat_xgb_physics_bounded_stack] run-time: 218 min, status: pending, publicScore: -, privateScore: -, submitted: 2026-07-31 10:38:28.727000, ref: 55134873
2026-07-31T14:17:59+00:00 [exp494_exp413_cat_xgb_physics_bounded_stack] run-time: 219 min, status: pending, publicScore: -, privateScore: -, submitted: 2026-07-31 10:38:28.727000, ref: 55134873
2026-07-31T14:18:45+00:00 [exp494_exp413_cat_xgb_physics_bounded_stack] run-time: 220 min, status: pending, publicScore: -, privateScore: -, submitted: 2026-07-31 10:38:28.727000, ref: 55134873
2026-07-31T14:19:31+00:00 [exp494_exp413_cat_xgb_physics_bounded_stack] run-time: 220 min, status: pending, publicScore: -, privateScore: -, submitted: 2026-07-31 10:38:28.727000, ref: 55134873
2026-07-31T14:20:18+00:00 [exp494_exp413_cat_xgb_physics_bounded_stack] run-time: 221 min, status: pending, publicScore: -, privateScore: -, submitted: 2026-07-31 10:38:28.727000, ref: 55134873
2026-07-31T14:21:04+00:00 [exp494_exp413_cat_xgb_physics_bounded_stack] run-time: 222 min, status: pending, publicScore: -, privateScore: -, submitted: 2026-07-31 10:38:28.727000, ref: 55134873
2026-07-31T14:21:50+00:00 [exp494_exp413_cat_xgb_physics_bounded_stack] run-time: 223 min, status: pending, publicScore: -, privateScore: -, submitted: 2026-07-31 10:38:28.727000, ref: 55134873
2026-07-31T14:22:36+00:00 [exp494_exp413_cat_xgb_physics_bounded_stack] run-time: 223 min, status: pending, publicScore: -, privateScore: -, submitted: 2026-07-31 10:38:28.727000, ref: 55134873
2026-07-31T14:23:22+00:00 [exp494_exp413_cat_xgb_physics_bounded_stack] run-time: 224 min, status: pending, publicScore: -, privateScore: -, submitted: 2026-07-31 10:38:28.727000, ref: 55134873
2026-07-31T14:24:07+00:00 [exp494_exp413_cat_xgb_physics_bounded_stack] run-time: 225 min, status: pending, publicScore: -, privateScore: -, submitted: 2026-07-31 10:38:28.727000, ref: 55134873
2026-07-31T14:24:53+00:00 [exp494_exp413_cat_xgb_physics_bounded_stack] run-time: 226 min, status: pending, publicScore: -, privateScore: -, submitted: 2026-07-31 10:38:28.727000, ref: 55134873
2026-07-31T14:25:39+00:00 [exp494_exp413_cat_xgb_physics_bounded_stack] run-time: 226 min, status: pending, publicScore: -, privateScore: -, submitted: 2026-07-31 10:38:28.727000, ref: 55134873
2026-07-31T14:26:25+00:00 [exp494_exp413_cat_xgb_physics_bounded_stack] run-time: 227 min, status: pending, publicScore: -, privateScore: -, submitted: 2026-07-31 10:38:28.727000, ref: 55134873
2026-07-31T14:27:11+00:00 [exp494_exp413_cat_xgb_physics_bounded_stack] run-time: 228 min, status: pending, publicScore: -, privateScore: -, submitted: 2026-07-31 10:38:28.727000, ref: 55134873
2026-07-31T14:27:57+00:00 [exp494_exp413_cat_xgb_physics_bounded_stack] run-time: 229 min, status: pending, publicScore: -, privateScore: -, submitted: 2026-07-31 10:38:28.727000, ref: 55134873
2026-07-31T14:28:43+00:00 [exp494_exp413_cat_xgb_physics_bounded_stack] run-time: 229 min, status: pending, publicScore: -, privateScore: -, submitted: 2026-07-31 10:38:28.727000, ref: 55134873
2026-07-31T14:29:29+00:00 [exp494_exp413_cat_xgb_physics_bounded_stack] run-time: 230 min, status: pending, publicScore: -, privateScore: -, submitted: 2026-07-31 10:38:28.727000, ref: 55134873
2026-07-31T14:30:15+00:00 [exp494_exp413_cat_xgb_physics_bounded_stack] run-time: 231 min, status: pending, publicScore: -, privateScore: -, submitted: 2026-07-31 10:38:28.727000, ref: 55134873
2026-07-31T14:31:01+00:00 [exp494_exp413_cat_xgb_physics_bounded_stack] run-time: 232 min, status: pending, publicScore: -, privateScore: -, submitted: 2026-07-31 10:38:28.727000, ref: 55134873
2026-07-31T14:31:46+00:00 [exp494_exp413_cat_xgb_physics_bounded_stack] run-time: 233 min, status: pending, publicScore: -, privateScore: -, submitted: 2026-07-31 10:38:28.727000, ref: 55134873
2026-07-31T14:32:32+00:00 [exp494_exp413_cat_xgb_physics_bounded_stack] run-time: 233 min, status: pending, publicScore: -, privateScore: -, submitted: 2026-07-31 10:38:28.727000, ref: 55134873
2026-07-31T14:33:18+00:00 [exp494_exp413_cat_xgb_physics_bounded_stack] run-time: 234 min, status: pending, publicScore: -, privateScore: -, submitted: 2026-07-31 10:38:28.727000, ref: 55134873
2026-07-31T14:34:04+00:00 [exp494_exp413_cat_xgb_physics_bounded_stack] run-time: 235 min, status: pending, publicScore: -, privateScore: -, submitted: 2026-07-31 10:38:28.727000, ref: 55134873
2026-07-31T14:34:50+00:00 [exp494_exp413_cat_xgb_physics_bounded_stack] run-time: 236 min, status: pending, publicScore: -, privateScore: -, submitted: 2026-07-31 10:38:28.727000, ref: 55134873
2026-07-31T14:35:36+00:00 [exp494_exp413_cat_xgb_physics_bounded_stack] run-time: 236 min, status: pending, publicScore: -, privateScore: -, submitted: 2026-07-31 10:38:28.727000, ref: 55134873
2026-07-31T14:36:22+00:00 [exp494_exp413_cat_xgb_physics_bounded_stack] run-time: 237 min, status: pending, publicScore: -, privateScore: -, submitted: 2026-07-31 10:38:28.727000, ref: 55134873
2026-07-31T14:37:08+00:00 [exp494_exp413_cat_xgb_physics_bounded_stack] run-time: 238 min, status: pending, publicScore: -, privateScore: -, submitted: 2026-07-31 10:38:28.727000, ref: 55134873
2026-07-31T14:37:53+00:00 [exp494_exp413_cat_xgb_physics_bounded_stack] run-time: 239 min, status: pending, publicScore: -, privateScore: -, submitted: 2026-07-31 10:38:28.727000, ref: 55134873
2026-07-31T14:38:40+00:00 [exp494_exp413_cat_xgb_physics_bounded_stack] run-time: 239 min, status: pending, publicScore: -, privateScore: -, submitted: 2026-07-31 10:38:28.727000, ref: 55134873
2026-07-31T14:39:25+00:00 [exp494_exp413_cat_xgb_physics_bounded_stack] run-time: 240 min, status: pending, publicScore: -, privateScore: -, submitted: 2026-07-31 10:38:28.727000, ref: 55134873
2026-07-31T14:40:11+00:00 [exp494_exp413_cat_xgb_physics_bounded_stack] run-time: 241 min, status: pending, publicScore: -, privateScore: -, submitted: 2026-07-31 10:38:28.727000, ref: 55134873
2026-07-31T14:40:57+00:00 [exp494_exp413_cat_xgb_physics_bounded_stack] run-time: 242 min, status: pending, publicScore: -, privateScore: -, submitted: 2026-07-31 10:38:28.727000, ref: 55134873
2026-07-31T14:41:42+00:00 [exp494_exp413_cat_xgb_physics_bounded_stack] run-time: 242 min, status: pending, publicScore: -, privateScore: -, submitted: 2026-07-31 10:38:28.727000, ref: 55134873
2026-07-31T14:42:28+00:00 [exp494_exp413_cat_xgb_physics_bounded_stack] run-time: 243 min, status: pending, publicScore: -, privateScore: -, submitted: 2026-07-31 10:38:28.727000, ref: 55134873
2026-07-31T14:43:14+00:00 [exp494_exp413_cat_xgb_physics_bounded_stack] run-time: 244 min, status: pending, publicScore: -, privateScore: -, submitted: 2026-07-31 10:38:28.727000, ref: 55134873
2026-07-31T14:44:00+00:00 [exp494_exp413_cat_xgb_physics_bounded_stack] run-time: 245 min, status: pending, publicScore: -, privateScore: -, submitted: 2026-07-31 10:38:28.727000, ref: 55134873
2026-07-31T14:44:49+00:00 [exp494_exp413_cat_xgb_physics_bounded_stack] run-time: 246 min, status: pending, publicScore: -, privateScore: -, submitted: 2026-07-31 10:38:28.727000, ref: 55134873
2026-07-31T14:45:40+00:00 [exp494_exp413_cat_xgb_physics_bounded_stack] run-time: 246 min, status: pending, publicScore: -, privateScore: -, submitted: 2026-07-31 10:38:28.727000, ref: 55134873
2026-07-31T14:46:31+00:00 [exp494_exp413_cat_xgb_physics_bounded_stack] run-time: 247 min, status: pending, publicScore: -, privateScore: -, submitted: 2026-07-31 10:38:28.727000, ref: 55134873
2026-07-31T14:47:20+00:00 [exp494_exp413_cat_xgb_physics_bounded_stack] run-time: 248 min, status: pending, publicScore: -, privateScore: -, submitted: 2026-07-31 10:38:28.727000, ref: 55134873
2026-07-31T14:48:10+00:00 [exp494_exp413_cat_xgb_physics_bounded_stack] run-time: 249 min, status: pending, publicScore: -, privateScore: -, submitted: 2026-07-31 10:38:28.727000, ref: 55134873
2026-07-31T14:49:00+00:00 [exp494_exp413_cat_xgb_physics_bounded_stack] run-time: 250 min, status: pending, publicScore: -, privateScore: -, submitted: 2026-07-31 10:38:28.727000, ref: 55134873
2026-07-31T14:49:50+00:00 [exp494_exp413_cat_xgb_physics_bounded_stack] run-time: 251 min, status: pending, publicScore: -, privateScore: -, submitted: 2026-07-31 10:38:28.727000, ref: 55134873
2026-07-31T14:50:39+00:00 [exp494_exp413_cat_xgb_physics_bounded_stack] run-time: 251 min, status: pending, publicScore: -, privateScore: -, submitted: 2026-07-31 10:38:28.727000, ref: 55134873
2026-07-31T14:51:28+00:00 [exp494_exp413_cat_xgb_physics_bounded_stack] run-time: 252 min, status: pending, publicScore: -, privateScore: -, submitted: 2026-07-31 10:38:28.727000, ref: 55134873
2026-07-31T14:52:18+00:00 [exp494_exp413_cat_xgb_physics_bounded_stack] run-time: 253 min, status: pending, publicScore: -, privateScore: -, submitted: 2026-07-31 10:38:28.727000, ref: 55134873
2026-07-31T14:53:07+00:00 [exp494_exp413_cat_xgb_physics_bounded_stack] run-time: 254 min, status: pending, publicScore: -, privateScore: -, submitted: 2026-07-31 10:38:28.727000, ref: 55134873
2026-07-31T14:53:56+00:00 [exp494_exp413_cat_xgb_physics_bounded_stack] run-time: 255 min, status: pending, publicScore: -, privateScore: -, submitted: 2026-07-31 10:38:28.727000, ref: 55134873
2026-07-31T14:54:46+00:00 [exp494_exp413_cat_xgb_physics_bounded_stack] run-time: 256 min, status: pending, publicScore: -, privateScore: -, submitted: 2026-07-31 10:38:28.727000, ref: 55134873
2026-07-31T14:55:35+00:00 [exp494_exp413_cat_xgb_physics_bounded_stack] run-time: 256 min, status: pending, publicScore: -, privateScore: -, submitted: 2026-07-31 10:38:28.727000, ref: 55134873
2026-07-31T14:56:24+00:00 [exp494_exp413_cat_xgb_physics_bounded_stack] run-time: 257 min, status: pending, publicScore: -, privateScore: -, submitted: 2026-07-31 10:38:28.727000, ref: 55134873
2026-07-31T14:57:13+00:00 [exp494_exp413_cat_xgb_physics_bounded_stack] run-time: 258 min, status: pending, publicScore: -, privateScore: -, submitted: 2026-07-31 10:38:28.727000, ref: 55134873
2026-07-31T14:58:03+00:00 [exp494_exp413_cat_xgb_physics_bounded_stack] run-time: 259 min, status: pending, publicScore: -, privateScore: -, submitted: 2026-07-31 10:38:28.727000, ref: 55134873
2026-07-31T14:58:53+00:00 [exp494_exp413_cat_xgb_physics_bounded_stack] run-time: 260 min, status: pending, publicScore: -, privateScore: -, submitted: 2026-07-31 10:38:28.727000, ref: 55134873
2026-07-31T14:59:42+00:00 [exp494_exp413_cat_xgb_physics_bounded_stack] run-time: 260 min, status: pending, publicScore: -, privateScore: -, submitted: 2026-07-31 10:38:28.727000, ref: 55134873
2026-07-31T15:00:31+00:00 [exp494_exp413_cat_xgb_physics_bounded_stack] run-time: 261 min, status: pending, publicScore: -, privateScore: -, submitted: 2026-07-31 10:38:28.727000, ref: 55134873
2026-07-31T15:01:22+00:00 [exp494_exp413_cat_xgb_physics_bounded_stack] run-time: 262 min, status: pending, publicScore: -, privateScore: -, submitted: 2026-07-31 10:38:28.727000, ref: 55134873
2026-07-31T15:02:11+00:00 [exp494_exp413_cat_xgb_physics_bounded_stack] run-time: 263 min, status: pending, publicScore: -, privateScore: -, submitted: 2026-07-31 10:38:28.727000, ref: 55134873
2026-07-31T15:03:01+00:00 [exp494_exp413_cat_xgb_physics_bounded_stack] run-time: 264 min, status: pending, publicScore: -, privateScore: -, submitted: 2026-07-31 10:38:28.727000, ref: 55134873
2026-07-31T15:03:50+00:00 [exp494_exp413_cat_xgb_physics_bounded_stack] run-time: 265 min, status: pending, publicScore: -, privateScore: -, submitted: 2026-07-31 10:38:28.727000, ref: 55134873
2026-07-31T15:04:40+00:00 [exp494_exp413_cat_xgb_physics_bounded_stack] run-time: 265 min, status: pending, publicScore: -, privateScore: -, submitted: 2026-07-31 10:38:28.727000, ref: 55134873
2026-07-31T15:05:29+00:00 [exp494_exp413_cat_xgb_physics_bounded_stack] run-time: 266 min, status: pending, publicScore: -, privateScore: -, submitted: 2026-07-31 10:38:28.727000, ref: 55134873
2026-07-31T15:06:19+00:00 [exp494_exp413_cat_xgb_physics_bounded_stack] run-time: 267 min, status: pending, publicScore: -, privateScore: -, submitted: 2026-07-31 10:38:28.727000, ref: 55134873
2026-07-31T15:07:08+00:00 [exp494_exp413_cat_xgb_physics_bounded_stack] run-time: 268 min, status: complete, publicScore: 7.228, privateScore: -, submitted: 2026-07-31 10:38:28.727000, ref: 55134873
